running ch2o.xyz
charge          = 0
T electron = 300
iter = 1
        |g(k)| = 0.0583919         max|g(k)| = 0.116151        congG = 0
        |Delta E| = 0.00134261
current energy = -7.17524 Eh
iter = 2
        |g(k)| = 0.021341         max|g(k)| = 0.0402036        congG = 0
        |Delta E| = 0.000384678
current energy = -7.17563 Eh
iter = 3
        |g(k)| = 0.00471564         max|g(k)| = 0.00793536        congG = 0
     -> iteration rejected
current energy = -7.17563 Eh
iter = 3
        |g(k)| = 0.00471564         max|g(k)| = 0.00793536        congG = 0
     -> iteration rejected
current energy = -7.17563 Eh
iter = 3
        |g(k)| = 0.00471564         max|g(k)| = 0.00793536        congG = 0
        |Delta E| = 6.8301e-06
current energy = -7.17563 Eh
iter = 4
        |g(k)| = 0.00201323         max|g(k)| = 0.00281983        congG = 0
        |Delta E| = 1.28976e-05
current energy = -7.17565 Eh
iter = 5
        |g(k)| = 0.000865331         max|g(k)| = 0.00126211        congG = 1
        |Delta E| = 9.71743e-07
current energy = -7.17565 Eh
Convergence in 5 iterations.
closed-shell calculation
occupation vector 
2 2 2 2 2 2 0 0 0 0 
iteration 1
Energy = -7.24765
orbital energies: -0.739099 -0.634559 -0.585597 -0.557816 -0.543658 -0.423925 -0.291046 0.0837581 0.218241 0.579706 
iteration 2
Energy = -7.24765
orbital energies: -0.739099 -0.634558 -0.585595 -0.557815 -0.543657 -0.423926 -0.291042 0.0837622 0.218246 0.579709 
convergence after 2 iterations
Optimized MOs
-0.34937872730766173  0.46347874190642402  0.00000000245853891  0.00010031007088157  0.11394367226087546  0.00000000054334642  0.00080811469099516 -1.03139305090166755 -0.00000006511441034  0.64011327411617558 
 0.03320393935072342  0.02606638160669390  0.31679297961704789 -0.42208171240336101  0.05927851167739519  0.16810008883972960 -0.67786364384171960 -0.07174083414295900  0.67796821545794472 -0.15706767565413546 
-0.02998707330060582 -0.02351679297915406  0.40901129401895037  0.32504604177468405 -0.05364826302910575  0.21703395945101950  0.52199078767268603  0.06464970641797654  0.87532450760764813  0.14182550992474355 
-0.23204991585616364 -0.18085142320100683 -0.00752543464492135 -0.10165806836838646 -0.42040495725589994 -0.00399322852897409 -0.16508228926505339  0.49372508876918464 -0.01610515464094837  1.09632089374976505 
-0.64595160133662410 -0.51084231141184433 -0.00000000483888403 -0.00103090068590374  0.37957103035463702 -0.00000000005039501  0.00009298159366912  0.01337798384686527  0.00000000675810889 -0.82871309662846782 
-0.02923354756995783  0.05509436088167466  0.33523187106726815 -0.56535397950176525 -0.08657086984178876 -0.49625447766398267  0.56371898796189690  0.02732477133565449 -0.19663125878091839 -0.12966862695490272 
 0.02640242542544814 -0.04973532288521854  0.43281773724084638  0.43533356574467424  0.07799231182958907 -0.64071396395039937 -0.43409870210707757 -0.02463007899123034 -0.25387054754535776  0.11710606432638274 
 0.20436122465841300 -0.38387157973633501 -0.00796345923410865 -0.13870649213942532  0.59460866770855958  0.01178855586529086  0.13699487601353680 -0.18838699232536149  0.00467097047975746  0.90620571232049874 
-0.03091170530651549  0.21702186257522046 -0.23996428858237923 -0.00059836036846717  0.25875354179537113 -0.39360493579302069 -0.00039332671112227  0.76875611960380996  0.81968230648075080  0.15294148911003058 
-0.03091170455252150  0.21702185718375339  0.23996428914883217 -0.00059836037194745  0.25875354141089696  0.39360494242174965 -0.00039332671294386  0.76875619535692730 -0.81968222455612028  0.15294147153313270 
Optimized orbital energies: -0.73909863118221097 -0.63455781729601135 -0.58559530329630893 -0.55781525397933740 -0.54365718949903941 -0.42392574279075329 -0.29104241981620521 0.08376220740011114 0.21824575598626467 0.57970851230772802 
Optimized Density
 0.69972241960937431  0.01438507362308751 -0.01300592340634718 -0.10132033567728217  0.06433362048867045  0.05165546349690148 -0.04669062239468821 -0.36315559985278223  0.28173636005745611  0.28173635766062044 
 0.01438507362308751  0.62412860706617046  0.04814093724493444  0.00502530186072453 -0.02365683976736843  0.51347581334697812 -0.30026655550207360  0.18006266901831064 -0.24392472107952498  0.32481138785934593 
-0.01300592340634718  0.04814093724493444  0.64875861541326607 -0.00644533531445688  0.02137030449636847 -0.30026232677826875  0.35133567694939943 -0.14957022561187197 -0.40365324249314782  0.33064172855904961 
-0.10132033567728217  0.00502530186072453 -0.00644533531445688  0.54740333942617703  0.16562166080929450  0.18029251403037150 -0.14974824979352641 -0.42772245368210215 -0.27483701517313641 -0.28834737342882605 
 0.06433362048867045 -0.02365683976736843  0.02137030449636847  0.16562166080929450  1.64457713647729964 -0.08307609169885179  0.07501410549213706  0.57985920414874392  0.01463896427250049  0.01463896379094860 
 0.05165546349690148  0.51347581334697812 -0.30026232677826875  0.18029251403037150 -0.08307609169885179  1.37931708105789053  0.41334014986165796 -0.01740122833304441  0.21136528043646621 -0.24817286379901560 
-0.04669062239468821 -0.30026655550207360  0.35133567694939943 -0.14974824979352641  0.07501410549213706  0.41334014986165796  1.59322876370131938 -0.00104179398392899  0.31327576480601033 -0.28003375564299693 
-0.36315559985278223  0.18006266901831064 -0.14957022561187197 -0.42772245368210215  0.57985920414874392 -0.01740122833304441 -0.00104179398392899  1.12424449056258169  0.12317065619617661  0.13408701211334975 
 0.28173636005745611 -0.24392472107952498 -0.40365324249314782 -0.27483701517313641  0.01463896427250049  0.21136528043646621  0.31327576480601033  0.12317065619617661  0.65503096212565892 -0.19499986705201100 
 0.28173635766062044  0.32481138785934593  0.33064172855904961 -0.28834737342882605  0.01463896379094860 -0.24817286379901560 -0.28003375564299693  0.13408701211334975 -0.19499986705201100  0.65503096793435311 
Total Energy = -7.17564755863244930
Electronic Energy = -7.24764783511280086
Nuclear Repulsion = 0.07200027648035140
Self-Consistent Energy = -7.31964811550886285

>atom;charge;pol
6;0.1833328;8.0284974
8;-0.2682114;5.8775364
1;0.0424393;2.4312752
1;0.0424393;2.4312752
<atom;charge;pol
 Total Polarizability          18.7685842

