running ch2o.xyz
charge          = 0
T electron = 300
iter = 1
        |g(k)| = 0.0462552         max|g(k)| = 0.0917081        congG = 0
        |Delta E| = 0.000868916
current energy = -7.1784 Eh
iter = 2
        |g(k)| = 0.0178248         max|g(k)| = 0.0336355        congG = 0
     -> iteration rejected
current energy = -7.1784 Eh
iter = 2
        |g(k)| = 0.0178248         max|g(k)| = 0.0336355        congG = 0
        |Delta E| = 6.55144e-05
current energy = -7.17847 Eh
iter = 3
        |g(k)| = 0.0086856         max|g(k)| = 0.0128994        congG = 0
        |Delta E| = 0.000119731
current energy = -7.17859 Eh
iter = 4
        |g(k)| = 0.0153658         max|g(k)| = 0.0301376        congG = 0
        |Delta E| = 9.37313e-05
current energy = -7.17868 Eh
iter = 5
        |g(k)| = 0.0016853         max|g(k)| = 0.00261675        congG = 0
        |Delta E| = 7.76999e-06
current energy = -7.17869 Eh
iter = 6
        |g(k)| = 0.000482341         max|g(k)| = 0.00080374        congG = 1
        |Delta E| = 8.25686e-07
current energy = -7.17869 Eh
Convergence in 6 iterations.
closed-shell calculation
occupation vector 
2 2 2 2 2 2 0 0 0 0 
iteration 1
Energy = -7.24973
orbital energies: -0.738842 -0.631153 -0.581424 -0.555762 -0.540265 -0.420867 -0.290573 0.0930879 0.231849 0.563866 
iteration 2
Energy = -7.24973
orbital energies: -0.738842 -0.631152 -0.581423 -0.555761 -0.540265 -0.420867 -0.290572 0.0930887 0.23185 0.563867 
convergence after 2 iterations
Optimized MOs
 0.33810393461021770 -0.47069056720910402 -0.00000161714518229 -0.00001020876189135  0.13872238097607031  0.00000112509470915 -0.00012895994273911  1.03123754707660109  0.00004361612444201  0.63367119192992549 
-0.03287352290791348 -0.02340735968720793  0.31431465803456260 -0.41538649916243658  0.06199347382582229  0.18123872828244444 -0.68140168991759265  0.06954295789958524 -0.67776615491261960 -0.15703550091688981 
 0.02967448227819359  0.02113283838463217  0.40581069948409265  0.31986746356522400 -0.05594148138116811  0.23399558497087516  0.52471708127626215 -0.06275741312367066 -0.87505864663513466  0.14179599991803665 
 0.22881354525778030  0.16312612685379815 -0.00746920289313866 -0.10127269968563279 -0.43062615706032065 -0.00431060956117370 -0.16584540495624511 -0.48514505688745246  0.01611608599444195  1.09337728732099193 
 0.66096040423726854  0.51245563460924781 -0.00000223672658125  0.00014665584522404  0.36075650301413248 -0.00000053717155250 -0.00001447602560239 -0.01581580370615005 -0.00001904601207506 -0.81673866761361391 
 0.02911265608252769 -0.05855799167741577  0.34661942523350181 -0.57171058232544247 -0.08331202872833345 -0.49003379057709617  0.55680926635864569 -0.02681501467846012  0.19120469375683327 -0.12947566827926835 
-0.02627980428443756  0.05286176587065324  0.44751795508662751  0.44025145623569117  0.07524172036916665 -0.63267850528567293 -0.42877317495709411  0.02420272970459197  0.24687202833999450  0.11686695770643366 
-0.20262982745952116  0.40776954913176405 -0.00824108615299023 -0.13900626311343395  0.58146772861617491  0.01165322605046720  0.13556625431780728  0.18701355415093909 -0.00451765359083469  0.90117757423262235 
 0.02506552756890311 -0.20426449266773927 -0.22832566857369127  0.00008953111821183  0.26059015935269209 -0.39064265992777009  0.00006261148570155 -0.77256893496225887 -0.82690365104174623  0.15331348372805828 
 0.02506562222820202 -0.20426104694126976  0.22832680365837385  0.00008952929745390  0.26058258525334310  0.39065206706429711  0.00006261091978603 -0.77259852908019999  0.82687625162246037  0.15326103973666394 
Optimized orbital energies: -0.73884151063191339 -0.63115189412758532 -0.58142339056694881 -0.55576128651811196 -0.54026473680298781 -0.42086689638915370 -0.29057233081506995 0.09308867146676331 0.23184990015936308 0.56386737017129496 
Optimized Density
 0.71021555950061654  0.01701354892526532 -0.01535592480228373 -0.11831122790366823  0.06462055905402354  0.05170655897086274 -0.04667011827874783 -0.35955837802128743  0.28153947916937466  0.28153447915712732 
 0.01701354892526532  0.61931777672828603  0.06430902421719228  0.00180422438250593 -0.02284100155243947  0.50572834550367651 -0.30517570969220231  0.18085319774686479 -0.24498136774926343  0.32528438390778869 
-0.01535592480228373  0.06430902421719228  0.65241614589013985 -0.00421296183407649  0.02061584752199223 -0.30517696241591963  0.34102772069764170 -0.15000974329937589 -0.40437540082384171  0.33189354838753082 
-0.11831122790366823  0.00180422438250593 -0.00421296183407649  0.54947037789711961  0.15893115297598384  0.18081483615950317 -0.14998383771880594 -0.43230586810032856 -0.27284446106901034 -0.28639414296898913 
 0.06462055905402354 -0.02284100155243947  0.02061584752199223  0.15893115297598384  1.65924941878494914 -0.08181154551231197  0.07385448792971053  0.56956280177976082  0.01180231859726188  0.01179762828947582 
 0.05170655897086274  0.50572834550367651 -0.30517696241591963  0.18081483615950317 -0.08181154551231197  1.39669722212751912  0.40665350400507227 -0.01463231580493679  0.20643110642736962 -0.24272042584021702 
-0.04667011827874783 -0.30517570969220231  0.34102772069764170 -0.14998383771880594  0.07385448792971053  0.40665350400507227  1.60704413356276143 -0.00325473308074415  0.30632309410058384 -0.27357408696475782 
-0.35955837802128743  0.18085319774686479 -0.15000974329937589 -0.43230586810032856  0.56956280177976082 -0.01463231580493679 -0.00325473308074415  1.12993205192115309  0.12093972670340293  0.13161627418404223 
 0.28153947916937466 -0.24498136774926343 -0.40437540082384171 -0.27284446106901034  0.01180231859726188  0.20643110642736962  0.30632309410058384  0.12093972670340293  0.62998760297893086 -0.18896281016255015 
 0.28153447915712732  0.32528438390778869  0.33189354838753082 -0.28639414296898913  0.01179762828947582 -0.24272042584021702 -0.27357408696475782  0.13161627418404223 -0.18896281016255015  0.62999263847699827 
Total Energy = -7.17869038781591762
Electronic Energy = -7.24973158545720420
Nuclear Repulsion = 0.07104119764128645
Self-Consistent Energy = -7.32077278702719347
Gsolv = -0.00366958211352399

>atom;charge;pol
6;0.1799907;8.0394729
8;-0.3104959;5.9918233
1;0.0652534;2.2870480
1;0.0652517;2.2870582
<atom;charge;pol
 Total Polarizability          18.6054024

