running ch2o.xyz
charge          = 0
T electron = 300
iter = 1
        |g(k)| = 0.0452644         max|g(k)| = 0.0897716        congG = 0
        |Delta E| = 0.000828593
current energy = -7.17815 Eh
iter = 2
        |g(k)| = 0.0173919         max|g(k)| = 0.0328124        congG = 0
     -> iteration rejected
current energy = -7.17815 Eh
iter = 2
        |g(k)| = 0.0173919         max|g(k)| = 0.0328124        congG = 0
        |Delta E| = 6.05302e-05
current energy = -7.17821 Eh
iter = 3
        |g(k)| = 0.00837015         max|g(k)| = 0.0124849        congG = 0
        |Delta E| = 0.000156132
current energy = -7.17836 Eh
iter = 4
        |g(k)| = 0.0101134         max|g(k)| = 0.0193385        congG = 0
        |Delta E| = 4.62139e-05
current energy = -7.17841 Eh
iter = 5
        |g(k)| = 0.00353348         max|g(k)| = 0.0050227        congG = 0
        |Delta E| = 1.11312e-05
current energy = -7.17842 Eh
iter = 6
        |g(k)| = 0.000702263         max|g(k)| = 0.00106681        congG = 1
        |Delta E| = 1.11569e-06
current energy = -7.17842 Eh
iter = 7
        |g(k)| = 9.00035e-05         max|g(k)| = 0.000129395        congG = 1
        |Delta E| = 1.16739e-08
current energy = -7.17842 Eh
Convergence in 7 iterations.
closed-shell calculation
occupation vector 
2 2 2 2 2 2 0 0 0 0 
iteration 1
Energy = -7.24944
orbital energies: -0.739894 -0.631932 -0.582138 -0.556645 -0.540988 -0.421613 -0.291582 0.0930937 0.232468 0.56149 
iteration 2
Energy = -7.24944
orbital energies: -0.739895 -0.631933 -0.582139 -0.556646 -0.540989 -0.421614 -0.291584 0.0930927 0.232467 0.561489 
convergence after 2 iterations
Optimized MOs
 0.33731239004495472  0.47127066807033913 -0.00000653300163528  0.00000891605105087  0.14097345196413860  0.00000404798267130 -0.00011506606424420 -1.03119869893931826 -0.00013453297499284  0.63334193821362506 
-0.03282383667330455  0.02320672193721367  0.31411536118942868  0.41488541048263516  0.06211048914000186  0.18243694857025794 -0.68166909451734736 -0.06948733526572826  0.67786458797627369 -0.15691724934904033 
 0.02963769799775301 -0.02095503405090068  0.40555115310461209 -0.31948192759443872 -0.05605664535558319  0.23553835252195077  0.52492297703977631  0.06264297614829081  0.87517042422723446  0.14182265453164680 
 0.22850535193938237 -0.16173452188641649 -0.00747153146495105  0.10113274200038767 -0.43158726546115084 -0.00435252478827479 -0.16591165353302562  0.48445719931504949 -0.01616679935441349  1.09301779144758138 
 0.66207238969294446 -0.51271255297759988 -0.00000666718123379 -0.00013104532664925  0.35917194511735367 -0.00000188894835442 -0.00001314755923423  0.01588321464501116  0.00006684859912048 -0.81576888451583662 
 0.02909443234573036  0.05882578237059845  0.34756989822865253  0.57218358896159438 -0.08314933071495591 -0.48953303975241086  0.55627346182534076  0.02677652164912528 -0.19067026107163473 -0.12941273447333057 
-0.02627112009081212 -0.05311386487808809  0.44873990836130345 -0.44061541688282896  0.07513194522891484 -0.63202199038404494 -0.42836064642031946 -0.02415584793607746 -0.24620055073976582  0.11681904350154070 
-0.20253854423047288 -0.40967629584492610 -0.00828011481675145  0.13913718703638162  0.58033107982745202  0.01167294885830529  0.13543203042859048 -0.18667588113117262  0.00444635016121037  0.90082055998789623 
 0.02459132781729315  0.20308619639737896 -0.22726764946400357 -0.00007964600982576  0.26060120025381828 -0.39023358087931398  0.00005553817482926  0.77305102033026973  0.82779266396096640  0.15320858917675118 
 0.02459181403615246  0.20307532567937639  0.22727148295072080 -0.00007964003971622  0.26057396100106678  0.39026521917304524  0.00005553628804703  0.77313046128826435 -0.82772359983771704  0.15302413746808269 
Optimized orbital energies: -0.73989518196712944 -0.63193262643500692 -0.58213926907937086 -0.55664612180588946 -0.54098869779884007 -0.42161360068208426 -0.29158408100228406 0.09309270067714022 0.23246722553315335 0.56148857647792838 
Optimized Density
 0.71149841071710196  0.01724615226908224 -0.01557074695842269 -0.11996892703452064  0.06466508119934013  0.05163155882362189 -0.04662077960470853 -0.35914912912102742  0.28148256433858015  0.28146534611137253 
 0.01724615226908224  0.61911054645674812  0.06574305660474945  0.00151533687975260 -0.02275719222280974  0.50500894075619418 -0.30571354185659444  0.18088030063263597 -0.24504495262268552  0.32529021857287799 
-0.01557074695842269  0.06574305660474945  0.65295721887179092 -0.00402099754255409  0.02054190801192179 -0.30571616069308505  0.34002594827208904 -0.15001961738261035 -0.40438692691448408  0.33196914914974862 
-0.11996892703452064  0.00151533687975260 -0.00402099754255409  0.54988583780396783  0.15836634295221522  0.18084117304630540 -0.15000253006548725 -0.43280692344101035 -0.27262094868677139 -0.28618018431069692 
 0.06466508119934013 -0.02275719222280974  0.02054190801192179  0.15836634295221522  1.66043702910962931 -0.08167875630505096  0.07375998305574452  0.56874288836888753  0.01151859948462745  0.01150181363020265 
 0.05163155882362189  0.50500894075619418 -0.30571616069308505  0.18084117304630540 -0.08167875630505096  1.39812452100852114  0.40623048179222399 -0.01445322248037212  0.20597724971459802 -0.24221112450342264 
-0.04662077960470853 -0.30571354185659444  0.34002594827208904 -0.15000253006548725  0.07375998305574452  0.40623048179222399  1.60823462173388876 -0.00343471852222726  0.30566794830323463 -0.27298013375931751 
-0.35914912912102742  0.18088030063263597 -0.15001961738261035 -0.43280692344101035  0.56874288836888753 -0.01445322248037212 -0.00343471852222726  1.13040933268547872  0.12074045482207582  0.13141172365208609 
 0.28148256433858015 -0.24504495262268552 -0.40438692691448408 -0.27262094868677139  0.01151859948462745  0.20597724971459802  0.30566794830323463  0.12074045482207582  0.62738912125395041 -0.18838723104241389 
 0.28146534611137253  0.32529021857287799  0.33196914914974862 -0.28618018431069692  0.01150181363020265 -0.24221112450342264 -0.27298013375931751  0.13141172365208609 -0.18838723104241389  0.62740481794099945 
Total Energy = -7.17842323339754618
Electronic Energy = -7.24943836895052218
Nuclear Repulsion = 0.07101513555297574
Self-Consistent Energy = -7.32045350843067588
Gsolv = -0.00351975272501961

>atom;charge;pol
6;0.1786349;8.0439185
8;-0.3139256;6.0012126
1;0.0676477;2.2726055
1;0.0676430;2.2726338
<atom;charge;pol
 Total Polarizability          18.5903705

