running ch2o.xyz
charge          = 0
T electron = 300
iter = 1
        |g(k)| = 0.0487871         max|g(k)| = 0.0967453        congG = 0
        |Delta E| = 0.000967023
current energy = -7.1795 Eh
iter = 2
        |g(k)| = 0.0187251         max|g(k)| = 0.0353194        congG = 0
     -> iteration rejected
current energy = -7.1795 Eh
iter = 2
        |g(k)| = 0.0187251         max|g(k)| = 0.0353194        congG = 0
        |Delta E| = 0.000151827
current energy = -7.17965 Eh
iter = 3
        |g(k)| = 0.00920953         max|g(k)| = 0.0131811        congG = 0
     -> iteration rejected
current energy = -7.17965 Eh
iter = 3
        |g(k)| = 0.00920953         max|g(k)| = 0.0131811        congG = 0
        |Delta E| = 4.3914e-05
current energy = -7.17969 Eh
iter = 4
        |g(k)| = 0.0132237         max|g(k)| = 0.0238607        congG = 0
        |Delta E| = 9.2377e-05
current energy = -7.17979 Eh
iter = 5
        |g(k)| = 0.00538617         max|g(k)| = 0.00999573        congG = 0
        |Delta E| = 2.14386e-05
current energy = -7.17981 Eh
iter = 6
        |g(k)| = 0.00310248         max|g(k)| = 0.00560376        congG = 0
        |Delta E| = 7.66343e-06
current energy = -7.17981 Eh
iter = 7
        |g(k)| = 0.000445013         max|g(k)| = 0.000597383        congG = 1
        |Delta E| = 3.28916e-07
current energy = -7.17981 Eh
Convergence in 7 iterations.
closed-shell calculation
occupation vector 
2 2 2 2 2 2 0 0 0 0 
iteration 1
Energy = -7.25099
orbital energies: -0.738082 -0.631324 -0.581768 -0.555514 -0.540443 -0.420899 -0.290105 0.0908603 0.228304 0.568177 
iteration 2
Energy = -7.25099
orbital energies: -0.738079 -0.631321 -0.581764 -0.55551 -0.54044 -0.420897 -0.290099 0.0908657 0.22831 0.568182 
convergence after 2 iterations
Optimized MOs
 0.34204880459271836  0.46909360237247660  0.00000733693942397 -0.00000026912533604  0.13172376514884115 -0.00000579551330482 -0.00000066154097668 -1.03100555635552737 -0.00029351376926900  0.63465806873311914 
-0.03299169537808324  0.02422791383890029 -0.31529141308379999 -0.41759845032189374  0.06143075952770589 -0.17764620295185019 -0.68017490952722470 -0.07003653535766748  0.67754539538217029 -0.15697337837172970 
 0.02979768762720935 -0.02188281460459647 -0.40706806901771092  0.32157382349261626 -0.05546314416775730 -0.22934966296152537  0.52377217722821001  0.06296780574812727  0.87475721439214438  0.14199428592576707 
 0.22981153906086935 -0.16876880649165588  0.00750417221741113 -0.10164613866304971 -0.42784464278161349  0.00424935986371849 -0.16555851061362789  0.48694915213054202 -0.01616278790068348  1.09412463105966040 
 0.65607390564896173 -0.51250772066627515  0.00001560129889864  0.00000084747693233  0.36660837903453442  0.00000321102736559 -0.00000022433785587  0.01551227010936333  0.00010852356231671 -0.81978567256174573 
 0.02920418704652240  0.05747742706304582 -0.34327982857067740 -0.56970977021857117 -0.08402584611882294  0.49193859752022057  0.55897872524735148  0.02699679566919450 -0.19263274958726245 -0.12957912607434996 
-0.02637950047121106 -0.05190862630511853 -0.44319455996536000  0.43870793730388991  0.07594312938517937  0.63511939204634560 -0.43044443089099327 -0.02430557760843724 -0.24875409619204453  0.11698425918365885 
-0.20343517188219945 -0.40036180362827511  0.00819859229010358 -0.13867027329458387  0.58547033787991543 -0.01175671535169002  0.13605882625480484 -0.18780882591043482  0.00443038821476176  0.90245517884660909 
 0.02670378820765770  0.20772129885855273  0.23148088554760851  0.00000010549334918  0.25977862084885484  0.39120493159629738  0.00000026723489575  0.77138745148654886  0.82494148823146496  0.15368433194110828 
 0.02670405892792009  0.20769865268837848 -0.23148827757865029  0.00000010548755413  0.25973716913376388 -0.39126226202959269  0.00000026722306716  0.77161486771006660 -0.82471965007553405  0.15338626570951336 
Optimized orbital energies: -0.73807867290617757 -0.63132079895121374 -0.58176368878347873 -0.55551028879591735 -0.54044039317039005 -0.42089744896746079 -0.29009851177537654 0.09086572340772456 0.22831009624020770 0.56818242072374059 
Optimized Density
 0.70879468580514593  0.01634221803859807 -0.01476076611115793 -0.11383770929571925  0.06457247667564754  0.05175626685444132 -0.04675323354350285 -0.36054279034756870  0.28158636075355969  0.28155665529823509 
 0.01634221803859807  0.62160899257578550  0.05975807773741158  0.00274555304060696 -0.02309359090577882  0.50803873287105916 -0.30403390652081996  0.18077941760127844 -0.24474000352221570  0.32519884353664430 
-0.01476076611115793  0.05975807773741158  0.65231664958790958 -0.00489087507648467  0.02084905728778352 -0.30403731340112461  0.34392147602167239 -0.15001319350641998 -0.40421823402737289  0.33162447208156332 
-0.11383770929571925  0.00274555304060696 -0.00489087507648467  0.54950719810419568  0.16083456787515943  0.18076852400872345 -0.15002708607334023 -0.43113330158749624 -0.27333099204373035 -0.28688612392801743 
 0.06457247667564754 -0.02309359090577882  0.02084905728778352  0.16083456787515943  1.65499767449756341 -0.08221271623671358  0.07426710835970624  0.57271662367379395  0.01260555176545264  0.01257925568468026 
 0.05175626685444132  0.50803873287105916 -0.30403731340112461  0.18076852400872345 -0.08221271623671358  1.39126145738998508  0.40901629108645238 -0.01548749915762903  0.20775411278711564 -0.24423718642309494 
-0.04675323354350285 -0.30403390652081996  0.34392147602167239 -0.15002708607334023  0.07426710835970624  0.40901629108645238  1.60284091364090342 -0.00265007977339775  0.30822451386807315 -0.27532879286792178 
-0.36054279034756870  0.18077941760127844 -0.15001319350641998 -0.43113330158749624  0.57271662367379395 -0.01548749915762903 -0.00265007977339775  1.12777168293488494  0.12159006213043805  0.13236664512005680 
 0.28158636075355969 -0.24474000352221570 -0.40421823402737289 -0.27333099204373035  0.01260555176545264  0.20775411278711564  0.30822451386807315  0.12159006213043805  0.63594172206687305 -0.19063628183806500 
 0.28155665529823509  0.32519884353664430  0.33162447208156332 -0.28688612392801743  0.01257925568468026 -0.24423718642309494 -0.27532879286792178  0.13236664512005680 -0.19063628183806500  0.63597642893253992 
Total Energy = -7.17981494783519469
Electronic Energy = -7.25099019540916245
Nuclear Repulsion = 0.07117524757396752
Self-Consistent Energy = -7.32216544691349114
Gsolv = -0.00449486185519553

>atom;charge;pol
6;0.1771338;8.0488077
8;-0.2970315;5.9551372
1;0.0599556;2.3194633
1;0.0599422;2.3195466
<atom;charge;pol
 Total Polarizability          18.6429549

