running ch2o.xyz
charge          = 0
T electron = 300
iter = 1
        |g(k)| = 0.0399905         max|g(k)| = 0.0792489        congG = 0
        |Delta E| = 0.000652484
current energy = -7.17669 Eh
iter = 2
        |g(k)| = 0.0155764         max|g(k)| = 0.0294429        congG = 0
     -> iteration rejected
current energy = -7.17669 Eh
iter = 2
        |g(k)| = 0.0155764         max|g(k)| = 0.0294429        congG = 0
        |Delta E| = 5.67983e-05
current energy = -7.17675 Eh
iter = 3
        |g(k)| = 0.00787333         max|g(k)| = 0.0110945        congG = 0
     -> iteration rejected
current energy = -7.17675 Eh
iter = 3
        |g(k)| = 0.00787333         max|g(k)| = 0.0110945        congG = 0
        |Delta E| = 7.5969e-05
current energy = -7.17682 Eh
iter = 4
        |g(k)| = 0.00987861         max|g(k)| = 0.0172615        congG = 0
        |Delta E| = 7.83346e-05
current energy = -7.1769 Eh
iter = 5
        |g(k)| = 0.00183897         max|g(k)| = 0.0024139        congG = 0
        |Delta E| = 9.53327e-06
current energy = -7.17691 Eh
iter = 6
        |g(k)| = 0.000384584         max|g(k)| = 0.000501772        congG = 1
        |Delta E| = 3.95677e-07
current energy = -7.17691 Eh
Convergence in 6 iterations.
closed-shell calculation
occupation vector 
2 2 2 2 2 2 0 0 0 0 
iteration 1
Energy = -7.24758
orbital energies: -0.740008 -0.630463 -0.580314 -0.555801 -0.539367 -0.420254 -0.291393 0.0980919 0.240067 0.553766 
iteration 2
Energy = -7.24758
orbital energies: -0.740005 -0.630458 -0.580308 -0.555798 -0.539362 -0.420253 -0.291383 0.0981019 0.240079 0.553774 
convergence after 2 iterations
Optimized MOs
 0.33127474101290244 -0.47398188658854773  0.00000372406873345 -0.00001232093890850  0.15343497000644629  0.00000521182271586 -0.00021468304063145  1.03132441603367098  0.00004098516123277  0.63081967393842098 
-0.03257637548813066 -0.02186548527434908  0.31254055748824888 -0.41133460936546107  0.06293334534662563  0.18886908632166455 -0.68357270160784744  0.06879306065650227 -0.67812679813157262 -0.15680384880085582 
 0.02940295522353482  0.01974665158749460  0.40352185787605094  0.31674541809899198 -0.05676712569188243  0.24384696732778424  0.52638898787935196 -0.06208870336977532 -0.87553069066751033  0.14155026635847490 
 0.22665128473259138  0.15247500704499795 -0.00742167394502451 -0.10038837752088078 -0.43649768085366497 -0.00449240444459749 -0.16636802143023385 -0.48055186245406722  0.01610432976948976  1.09139301072808159 
 0.66983478572105415  0.51300283079027686 -0.00001022581301640  0.00022670108596647  0.34941992845703151  0.00000100799820129 -0.00002369808335097 -0.01664766101777394 -0.00000768063787651 -0.80983820356825698 
 0.02895831160549959 -0.06056250195310838  0.35325914111741685 -0.57545315876733905 -0.08203543673763833 -0.48626547108329443  0.55260829665556677 -0.02656121589110416  0.18795016868672393 -0.12912760452871389 
-0.02613641896876040  0.05467186271717878  0.45608813552683736  0.44313488005914320  0.07410862394570424 -0.62781527070316534 -0.42553774446741577  0.02397388852801569  0.24266657688209792  0.11654368999730762 
-0.20146648762816577  0.42168346564858639 -0.00840623806052938 -0.13983985076333055  0.57330813850611995  0.01155724803654154  0.13456833156139894  0.18542426691930952 -0.00445151829311670  0.89839766891479145 
 0.02188479898628294 -0.19685131470404083 -0.22165428866687645  0.00014275001220921  0.26141163199082124 -0.38871740223108270  0.00010404843123398 -0.77509725289680942 -0.83161046746865175  0.15279028604926437 
 0.02188295352114122 -0.19684006367529039  0.22164935528416441  0.00014275072515707  0.26140765265486154  0.38872376696555710  0.00010404909867498 -0.77513847607942588  0.83156893744801730  0.15276925598098706 
Optimized orbital energies: -0.74000525638986170 -0.63045835098288761 -0.58030824133264813 -0.55579768859199707 -0.53936233664892219 -0.42025302912840412 -0.29138300609084566 0.09810192345411198 0.24007921337637106 0.55377437001657059 
Optimized Density
 0.71588814612184182  0.01847101173502161 -0.01666057999018274 -0.12831873717959547  0.06471705802879033  0.05143490537868491 -0.04641597392532119 -0.35728762835959582  0.28132134282039623  0.28131963895972273 
 0.01847101173502161  0.61609843669525266  0.07384318112780923 -0.00012502610491643 -0.02228787182533114  0.50097840226093038 -0.30797132517496750  0.18099884069201530 -0.24541708591897990  0.32535198347146826 
-0.01666057999018274  0.07384318112780923  0.65419172745903131 -0.00286803667859959  0.02011514273052620 -0.30797251522400271  0.33483157911249994 -0.15001892341931858 -0.40453591634041980  0.33238363450761654 
-0.12831873717959547 -0.00012502610491643 -0.00286803667859959  0.55060549463609865  0.15499069955134520  0.18093796889780392 -0.14997226343959774 -0.43513071494395306 -0.27156653539952991 -0.28512573768946825 
 0.06471705802879033 -0.02228787182533114  0.02011514273052620  0.15499069955134520  1.66788976492538099 -0.08094165060207770  0.07305986053214868  0.56333846901942031  0.01003651766016781  0.01003530908587467 
 0.05143490537868491  0.50097840226093038 -0.30797251522400271  0.18093796889780392 -0.08094165060207770  1.40725736084155617  0.40250272042609148 -0.01304421164244923  0.20349367738063473 -0.23939060393595613 
-0.04641597392532119 -0.30797132517496750  0.33483157911249994 -0.14997226343959774  0.07305986053214868  0.40250272042609148  1.61540227306813833 -0.00450161485908746  0.30210145074073325 -0.26970562304270940 
-0.35728762835959582  0.18099884069201530 -0.15001892341931858 -0.43513071494395306  0.56333846901942031 -0.01304421164244923 -0.00450161485908746  1.13369466239600758  0.11960446215594361  0.13012726045365861 
 0.28132134282039623 -0.24541708591897990 -0.40453591634041980 -0.27156653539952991  0.01003651766016781  0.20349367738063473  0.30210145074073325  0.11960446215594361  0.61559457745350032 -0.18534214445261227 
 0.28131963895972273  0.32535198347146826  0.33238363450761654 -0.28512573768946825  0.01003530908587467 -0.23939060393595613 -0.26970562304270940  0.13012726045365861 -0.18534214445261227  0.61558691853714709 
Total Energy = -7.17690971163739633
Electronic Energy = -7.24757786937314563
Nuclear Repulsion = 0.07066815773574972
Self-Consistent Energy = -7.31824603103715088
Gsolv = -0.00284477119728871

>atom;charge;pol
6;0.1794335;8.0413371
8;-0.3361915;6.0626101
1;0.0783739;2.2094479
1;0.0783842;2.2093886
<atom;charge;pol
 Total Polarizability          18.5227838

