running ch2o.xyz
charge          = 0
T electron = 300
iter = 1
        |g(k)| = 0.0464417         max|g(k)| = 0.0920356        congG = 0
        |Delta E| = 0.000882218
current energy = -7.17961 Eh
iter = 2
        |g(k)| = 0.0180337         max|g(k)| = 0.0340357        congG = 0
     -> iteration rejected
current energy = -7.17961 Eh
iter = 2
        |g(k)| = 0.0180337         max|g(k)| = 0.0340357        congG = 0
        |Delta E| = 0.000141812
current energy = -7.17975 Eh
iter = 3
        |g(k)| = 0.00895178         max|g(k)| = 0.0130613        congG = 0
     -> iteration rejected
current energy = -7.17975 Eh
iter = 3
        |g(k)| = 0.00895178         max|g(k)| = 0.0130613        congG = 0
        |Delta E| = 3.90462e-05
current energy = -7.17979 Eh
iter = 4
        |g(k)| = 0.0128031         max|g(k)| = 0.0231043        congG = 0
        |Delta E| = 8.71302e-05
current energy = -7.17988 Eh
iter = 5
        |g(k)| = 0.00510778         max|g(k)| = 0.00942723        congG = 0
        |Delta E| = 2.00817e-05
current energy = -7.1799 Eh
iter = 6
        |g(k)| = 0.00307326         max|g(k)| = 0.00559286        congG = 0
        |Delta E| = 7.27638e-06
current energy = -7.1799 Eh
iter = 7
        |g(k)| = 0.000429129         max|g(k)| = 0.000532697        congG = 1
        |Delta E| = 3.29395e-07
current energy = -7.1799 Eh
Convergence in 7 iterations.
closed-shell calculation
occupation vector 
2 2 2 2 2 2 0 0 0 0 
iteration 1
Energy = -7.2509
orbital energies: -0.737245 -0.630028 -0.580311 -0.554361 -0.539068 -0.419549 -0.289391 0.0933312 0.23177 0.565546 
iteration 2
Energy = -7.2509
orbital energies: -0.737242 -0.630026 -0.580308 -0.554358 -0.539065 -0.419546 -0.289388 0.0933322 0.231772 0.565549 
convergence after 2 iterations
Optimized MOs
 0.34099600824944026  0.47041232793795124 -0.00000504304629574  0.00000233517139517  0.13577435990222020  0.00000264138638413 -0.00002382334627102 -1.03090286330472036 -0.00037575480345060  0.63315104512612885 
-0.03291367639934829  0.02391384960449966  0.31508470295887842 -0.41687420902054473  0.06166225230318478  0.17988200978925400  0.68052075933886302 -0.06984421348648039  0.67750778384040888 -0.15686851963415133 
 0.02972541809356117 -0.02160015399180016  0.40680172951770754  0.32101667074547974 -0.05567524834525510  0.23223783559159217 -0.52403845925986381  0.06268201261952212  0.87472242821640811  0.14188916658822973 
 0.22928507398843784 -0.16656149369827100 -0.00749754447469365 -0.10143979699962478 -0.42966026130138074 -0.00429765556699814  0.16564494453832962  0.48508569041498806 -0.01611837320989067  1.09343248872709031 
 0.65780075880087174 -0.51320893880489293 -0.00001510953274395 -0.00002777285120790  0.36406356077555352 -0.00000357763510991 -0.00000291477282991  0.01602161664543906  0.00010664999862711 -0.81756204780261765 
 0.02920362180990037  0.05791209901516383  0.34491358088508212 -0.57046782105268778 -0.08378487731274090 -0.49110802412114180 -0.55807938189745743  0.02699068080085800 -0.19157473120280996 -0.12944533653884058 
-0.02637892063151191 -0.05230061076507833  0.44530440405385330  0.43929114793160218  0.07571252861395000 -0.63404970782008885  0.42975200876844150 -0.02426191482133502 -0.24739152811997955  0.11686033532746376 
-0.20345725938178660 -0.40339012038931243 -0.00823580284105686 -0.13888333137508699  0.58353740248706198  0.01172854391453742 -0.13583330680587066 -0.18759268521334327  0.00439437740205225  0.90160490104979651 
 0.02584383015154503  0.20551905514663019 -0.22952920535277310 -0.00001614674405595  0.25957067259873018 -0.39028410987005230  0.00001149699114906  0.77220273253100669  0.82656145696117933  0.15374858839348471 
 0.02584406734430902  0.20549798124107641  0.22953927573855779 -0.00001614541005317  0.25953632967192575  0.39034343545139910  0.00001149660366222  0.77254564954665084 -0.82621104309930826  0.15345961903555852 
Optimized orbital energies: -0.73724163237591711 -0.63002602361574023 -0.58030834227295014 -0.55435758479786679 -0.53906494066131105 -0.41954639601037352 -0.28938773504458037 0.09333224016324081 0.23177158772624343 0.56554920551968901 
Optimized Density
 0.71200142552554957  0.01679200581686460 -0.01516937895455298 -0.11700868477684824  0.06463623656538497  0.05164135385826630 -0.04664206646316316 -0.35981726679922699  0.28146901721147777  0.28143952001803912 
 0.01679200581686460  0.62175485857427992  0.06240172637533593  0.00225728393448878 -0.02293658019839100  0.50681230974854308 -0.30517711267163261  0.18088760747707097 -0.24489930356529277  0.32522805197130217 
-0.01516937895455298  0.06240172637533593  0.65384732545397917 -0.00455433569681615  0.02070714506323227 -0.30518036108745805  0.34210062938927432 -0.15006709005750671 -0.40427896854293499  0.33180798812331891 
-0.11700868477684824  0.00225728393448878 -0.00455433569681615  0.55057406382060203  0.15976808871409265  0.18088361867038949 -0.15008611386788817 -0.43216728922005904 -0.27286661857975458 -0.28642348763632247 
 0.06463623656538497 -0.02293658019839100  0.02070714506323227  0.15976808871409265  1.65725506089050145 -0.08200294805338136  0.07407315878737265  0.57127544052885781  0.01206192609767867  0.01203940454421520 
 0.05164135385826630  0.50681230974854308 -0.30518036108745805  0.18088361867038949 -0.08200294805338136  1.39362514579442465  0.40846841745586815 -0.01513323594587584  0.20684361092295139 -0.24322005812301378 
-0.04664206646316316 -0.30517711267163261  0.34210062938927432 -0.15008611386788817  0.07407315878737265  0.40846841745586815  1.60491069047352863 -0.00293702466665623  0.30692862845937685 -0.27413728017595695 
-0.35981726679922699  0.18088760747707097 -0.15006709005750671 -0.43216728922005904  0.57127544052885781 -0.01513323594587584 -0.00293702466665623  1.12825662529766624  0.12124372054204433  0.13197019879109476 
 0.28146901721147777 -0.24489930356529277 -0.40427896854293499 -0.27286661857975458  0.01206192609767867  0.20684361092295139  0.30692862845937685  0.12124372054204433  0.63057652489254923 -0.18952225452553809 
 0.28143952001803912  0.32522805197130217  0.33180798812331891 -0.28642348763632247  0.01203940454421520 -0.24322005812301378 -0.27413728017595695  0.13197019879109476 -0.18952225452553809  0.63062543899577206 
Total Energy = -7.17990281296664357
Electronic Energy = -7.25090362932425236
Nuclear Repulsion = 0.07100081635760866
Self-Consistent Energy = -7.32190444961377729
Gsolv = -0.00475614321780185

>atom;charge;pol
6;0.1726629;8.0634905
8;-0.3025597;5.9701663
1;0.0649610;2.2888258
1;0.0649358;2.2889795
<atom;charge;pol
 Total Polarizability          18.6114621

