running ch2o.xyz
charge          = 0
T electron = 300
iter = 1
        |g(k)| = 0.0472776         max|g(k)| = 0.0937945        congG = 0
        |Delta E| = 0.000903321
current energy = -7.17726 Eh
iter = 2
        |g(k)| = 0.0181169         max|g(k)| = 0.0342136        congG = 0
     -> iteration rejected
current energy = -7.17726 Eh
iter = 2
        |g(k)| = 0.0181169         max|g(k)| = 0.0342136        congG = 0
        |Delta E| = 0.000120929
current energy = -7.17738 Eh
iter = 3
        |g(k)| = 0.00925285         max|g(k)| = 0.0127241        congG = 0
     -> iteration rejected
current energy = -7.17738 Eh
iter = 3
        |g(k)| = 0.00925285         max|g(k)| = 0.0127241        congG = 0
        |Delta E| = 4.82722e-05
current energy = -7.17743 Eh
iter = 4
        |g(k)| = 0.013675         max|g(k)| = 0.0248447        congG = 0
        |Delta E| = 0.000100188
current energy = -7.17753 Eh
iter = 5
        |g(k)| = 0.00538353         max|g(k)| = 0.00999807        congG = 0
        |Delta E| = 2.1153e-05
current energy = -7.17755 Eh
iter = 6
        |g(k)| = 0.00246605         max|g(k)| = 0.00437723        congG = 0
        |Delta E| = 5.10358e-06
current energy = -7.17756 Eh
iter = 7
        |g(k)| = 0.000305382         max|g(k)| = 0.000398144        congG = 1
        |Delta E| = 1.93132e-07
current energy = -7.17756 Eh
Convergence in 7 iterations.
closed-shell calculation
occupation vector 
2 2 2 2 2 2 0 0 0 0 
iteration 1
Energy = -7.24872
orbital energies: -0.738654 -0.631096 -0.581452 -0.555699 -0.540232 -0.420831 -0.290214 0.0927188 0.231162 0.566009 
iteration 2
Energy = -7.24872
orbital energies: -0.73866 -0.631107 -0.581467 -0.555706 -0.540242 -0.420831 -0.290238 0.0926941 0.231133 0.565989 
iteration 3
Energy = -7.24872
orbital energies: -0.738659 -0.631104 -0.581463 -0.555704 -0.540239 -0.420831 -0.290231 0.0927005 0.231141 0.565994 
iteration 4
Energy = -7.24872
orbital energies: -0.738656 -0.6311 -0.581457 -0.555701 -0.540235 -0.420831 -0.290222 0.0927103 0.231152 0.566002 
iteration 5
Energy = -7.24872
orbital energies: -0.738656 -0.6311 -0.581457 -0.555701 -0.540236 -0.420831 -0.290223 0.0927095 0.231151 0.566002 
convergence after 5 iterations
Optimized MOs
 0.33831781852773618  0.47014260635274413 -0.00000165064467841 -0.00000111415440053  0.13734123523126598  0.00000067053303182 -0.00001369603054660  1.03112711515635769  0.00004494516948346  0.63483532043813928 
-0.03288562577730308  0.02351489162438945  0.31432547812785694 -0.41558806783324215  0.06176290712085696  0.18041816315374803 -0.68134562912653940  0.06976758897185026  0.67782991801574144 -0.15704793571107772 
 0.02968512773398694 -0.02122447424945013  0.40582520310552667  0.32002539903383453 -0.05575077021441262  0.23293748270786166  0.52467371810002417 -0.06303539572004584  0.87513941412858109  0.14176183550127786 
 0.22900692660123095 -0.16376578542112288 -0.00746777375559608 -0.10117413523169545 -0.43001001592810167 -0.00428691543048508 -0.16584226028453497 -0.48614848008416600 -0.01612256319911141  1.09365732337171528 
 0.66045831997286164 -0.51214247915388988  0.00000168807959895  0.00001562088899473  0.36148625533156509  0.00000007627926321 -0.00000153413690840 -0.01539004700966499 -0.00000054103895929 -0.81786347987032326 
 0.02908600339104368  0.05843893927014179  0.34610163868113608 -0.57145288897839264 -0.08355952149627333 -0.49027086094032962  0.55712715757000764 -0.02681616626259746 -0.19167217026866409 -0.12947816904255968 
-0.02625465921546503 -0.05274984124775197  0.44685234200432189  0.44005052419883256  0.07542826796853729 -0.63298789079326956 -0.42901855445900500  0.02422567133030700 -0.24746557589825324  0.11687610135659153 
-0.20254463863227967 -0.40696659464503820 -0.00821961246094821 -0.13907882053629600  0.58204549648147474  0.01164840638211324  0.13561179772639809  0.18684217768276976  0.00456042865921799  0.90164922877799303 
 0.02534873542811387  0.20503853380643663 -0.22899697939402391  0.00000953751057799  0.26079985708210979 -0.39112146976507406  0.00000665100344467 -0.77229626632508674  0.82622757032514971  0.15301340467261548 
 0.02534901658078065  0.20504005386742730  0.22899629929119900  0.00000953741083057  0.26079761906666643  0.39111888720655080  0.00000665096318992 -0.77223682089017909 -0.82629327796200780  0.15301350006148118 
Optimized orbital energies: -0.73865627358060426 -0.63110016199148056 -0.58145739617001757 -0.55570140286989633 -0.54023581668863863 -0.42083111625957470 -0.29022279615935292 0.09270947801169160 0.23115112633037099 0.56600150907000313 
Optimized Density
 0.70871126308156618  0.01682443676776662 -0.01518654373881482 -0.11714826785494468  0.06462357374913802  0.05167703438677359 -0.04664921540936178 -0.35983554404067702  0.28158393960185679  0.28158448145469173 
 0.01682443676776662  0.61902746625667404  0.06333996332803049  0.00197074990482561 -0.02288413103731478  0.50616118360869045 -0.30468704079334075  0.18071460506051051 -0.24490671726860622  0.32527170866125815 
-0.01518654373881482  0.06333996332803049  0.65162011169586254 -0.00432030987571129  0.02065661842068198 -0.30468707511496296  0.34171942377507525 -0.14991105333072879 -0.40435138312711238  0.33180544845606069 
-0.11714826785494468  0.00197074990482561 -0.00432030987571129  0.54896473926615874  0.15935328315060857  0.18071084295462864 -0.14990789644732869 -0.43187937704689755 -0.27306794777467347 -0.28661356899943413 
 0.06462357374913802 -0.02288413103731478  0.02065661842068198  0.15935328315060857  1.65833484883154481 -0.08186593715614941  0.07389837701529417  0.57010370079556960  0.01201597533119690  0.01201483730683388 
 0.05167703438677359  0.50616118360869045 -0.30468707511496296  0.18071084295462864 -0.08186593715614941  1.39590712911132031  0.40674932959087517 -0.01477611021402534  0.20684199244078194 -0.24315229744719322 
-0.04664921540936178 -0.30468704079334075  0.34171942377507525 -0.14990789644732869  0.07389837701529417  0.40674932959087517  1.60631285156848724 -0.00312022749010547  0.30688384722185658 -0.27410327451450145 
-0.35983554404067702  0.18071460506051051 -0.14991105333072879 -0.43187937704689755  0.57010370079556960 -0.01477611021402534 -0.00312022749010547  1.12993853098408858  0.12108859220279233  0.13177928846886394 
 0.28158393960185679 -0.24490671726860622 -0.40435138312711238 -0.27306794777467347  0.01201597533119690  0.20684199244078194  0.30688384722185658  0.12108859220279233  0.63223108992217902 -0.18942959089011474 
 0.28158448145469173  0.32527170866125815  0.33180544845606069 -0.28661356899943413  0.01201483730683388 -0.24315229744719322 -0.27410327451450145  0.13177928846886394 -0.18942959089011474  0.63222536710425881 
Total Energy = -7.17755624880021337
Electronic Energy = -7.24871637190261442
Nuclear Repulsion = 0.07116012310240111
Self-Consistent Energy = -7.31987649893213543
Gsolv = -0.00246132160941768

>atom;charge;pol
6;0.1824265;8.0315056
8;-0.3087530;5.9870587
1;0.0631612;2.2997709
1;0.0631652;2.2997463
<atom;charge;pol
 Total Polarizability          18.6180815

