running ch2o.xyz
charge          = 0
T electron = 300
iter = 1
        |g(k)| = 0.0479987         max|g(k)| = 0.0951722        congG = 0
        |Delta E| = 0.000937392
current energy = -7.17994 Eh
iter = 2
        |g(k)| = 0.0184819         max|g(k)| = 0.0348747        congG = 0
        |Delta E| = 0.000294357
current energy = -7.18023 Eh
iter = 3
        |g(k)| = 0.00364596         max|g(k)| = 0.00608484        congG = 0
     -> iteration rejected
current energy = -7.18023 Eh
iter = 3
        |g(k)| = 0.00364596         max|g(k)| = 0.00608484        congG = 0
        |Delta E| = 4.10322e-06
current energy = -7.18023 Eh
iter = 4
        |g(k)| = 0.00178914         max|g(k)| = 0.00286894        congG = 0
        |Delta E| = 1.02894e-05
current energy = -7.18024 Eh
iter = 5
        |g(k)| = 0.00109406         max|g(k)| = 0.00204238        congG = 0
     -> iteration rejected
current energy = -7.18024 Eh
iter = 5
        |g(k)| = 0.00109406         max|g(k)| = 0.00204238        congG = 0
     -> iteration rejected
current energy = -7.18024 Eh
iter = 5
        |g(k)| = 0.00109406         max|g(k)| = 0.00204238        congG = 0
        |Delta E| = 4.29477e-07
current energy = -7.18024 Eh
iter = 6
        |g(k)| = 0.000513285         max|g(k)| = 0.000727929        congG = 1
        |Delta E| = 3.02166e-07
current energy = -7.18025 Eh
Convergence in 6 iterations.
closed-shell calculation
occupation vector 
2 2 2 2 2 2 0 0 0 0 
iteration 1
Energy = -7.25134
orbital energies: -0.737664 -0.630777 -0.581198 -0.554993 -0.539829 -0.420345 -0.289784 0.0915283 0.229857 0.567021 
iteration 2
Energy = -7.25134
orbital energies: -0.737663 -0.630778 -0.581199 -0.554992 -0.539829 -0.420343 -0.289787 0.0915241 0.229852 0.567019 
convergence after 2 iterations
Optimized MOs
 0.34191447543866516  0.46955711197749128 -0.00001016129226653  0.00001187260026760  0.13314571687868604  0.00000761189637358 -0.00013331608305363 -1.03039427214287760 -0.00050721093530973  0.63492441767752894 
-0.03294810715213846  0.02415836808510703  0.31526670366285059 -0.41750661830323504  0.06136639125863019  0.17823475007518880  0.68020490634698738 -0.07023034398827188  0.67769939329770734 -0.15672344929728899 
 0.02976950954179154 -0.02182636689396884  0.40703387258554263  0.32150629189946078 -0.05543279192019776  0.23010497393012197 -0.52379504302138180  0.06292097618680940  0.87495126542938717  0.14194308778765027 
 0.22967109481382253 -0.16819683464728996 -0.00751087249055618 -0.10145073412835376 -0.42859258910133408 -0.00427780372593807  0.16557843634999964  0.48667038604487745 -0.01618196367250641  1.09332728232695020 
 0.65643057059914522 -0.51294531584557312 -0.00002466129640610 -0.00015617296581078  0.36580343231986107 -0.00000522184636634 -0.00001504241857158  0.01512131408072526  0.00017008360725986 -0.81896810975321499 
 0.02918952000074683  0.05757937874128029  0.34359729129064770 -0.56984645719462701 -0.08410426995267048 -0.49185613699084157 -0.55877357198541577  0.02695134970488142 -0.19217896780225752 -0.12947710690867459 
-0.02637863599629970 -0.05201609868163513  0.44359660777536231  0.43881014967088822  0.07604104779330000 -0.63500147184282163  0.43028712954093640 -0.02420219950441225 -0.24819661628848702  0.11690930450652767 
-0.20349461760423132 -0.40116103982719203 -0.00823094386383304 -0.13886634965227942  0.58488652999529978  0.01179101788178208 -0.13597204427028170 -0.18700380518195400  0.00432977071005146  0.90230041438187925 
 0.02648003430748199  0.20699294540656119 -0.23100059072680038 -0.00009398024247969  0.25963235564519627 -0.39068844207934583  0.00006488515116814  0.77169946297103242  0.82564132411815505  0.15300637632698258 
 0.02648038847648457  0.20695779099172751  0.23101359253648246 -0.00009396559938396  0.25957089243436704  0.39077991273679191  0.00006488085038943  0.77212003891032577 -0.82522203425607821  0.15254110378823749 
Optimized orbital energies: -0.73766346708384856 -0.63077751601628618 -0.58119909995981156 -0.55499178735144228 -0.53982878209627927 -0.42034307901992674 -0.28978709401437569 0.09152406757926990 0.22985188770347204 0.56701898017282559 
Optimized Density
 0.71023434429686105  0.01648433445808336 -0.01489861144536956 -0.11503315252975117  0.06458230337411218  0.05161000397104843 -0.04664671600956421 -0.36014422743720481  0.28163445014146471  0.28158781878526712 
 0.01648433445808336  0.62181507077871889  0.06039215264267499  0.00258840448688196 -0.02303106465512084  0.50768341183037347 -0.30451072650103883  0.18077997734099374 -0.24472193752468355  0.32515379584271220 
-0.01489861144536956  0.06039215264267499  0.65285315320104809 -0.00478433457820944  0.02079678620149642 -0.30451537071253454  0.34331389578335209 -0.15001489295149087 -0.40415277342994221  0.33160596104425966 
-0.11503315252975117  0.00258840448688196 -0.00478433457820944  0.55019511735280324  0.16054863511788586  0.18080095315842015 -0.15006618866965021 -0.43168274344951235 -0.27318904888411144 -0.28675057381303481 
 0.06458230337411218 -0.02303106465512084  0.02079678620149642  0.16054863511788586  1.65565233437493564 -0.08211344102532361  0.07421118659762542  0.57233783421154028  0.01237680134621548  0.01233741484142509 
 0.05161000397104843  0.50768341183037347 -0.30451537071253454  0.18080095315842015 -0.08211344102532361  1.39189496802693791  0.40906628685942370 -0.01545017083892815  0.20740031979963469 -0.24383975446139011 
-0.04664671600956421 -0.30451072650103883  0.34331389578335209 -0.15006618866965021  0.07421118659762542  0.40906628685942370  1.60348583007026324 -0.00272873780102455  0.30770532306209664 -0.27487163516897589 
-0.36014422743720481  0.18077997734099374 -0.15001489295149087 -0.43168274344951235  0.57233783421154028 -0.01545017083892815 -0.00272873780102455  1.12784626368879248  0.12147441415464234  0.13225356217771250 
 0.28163445014146471 -0.24472193752468355 -0.40415277342994221 -0.27318904888411144  0.01237680134621548  0.20740031979963469  0.30770532306209664  0.12147441415464234  0.63390994457137162 -0.19020891245354291 
 0.28158781878526712  0.32515379584271220  0.33160596104425966 -0.28675057381303481  0.01233741484142509 -0.24383975446139011 -0.27487163516897589  0.13225356217771250 -0.19020891245354291  0.63397203077987063 
Total Energy = -7.18024518457347583
Electronic Energy = -7.25133967195585338
Nuclear Repulsion = 0.07109448738237792
Self-Consistent Energy = -7.32243416327189323
Gsolv = -0.00497745461769147

>atom;charge;pol
6;0.1747754;8.0565451
8;-0.2984272;5.9589272
1;0.0618394;2.3078662
1;0.0618123;2.3080338
<atom;charge;pol
 Total Polarizability          18.6313723

