running ch2o.xyz
charge          = 0
T electron = 300
iter = 1
        |g(k)| = 0.0470787         max|g(k)| = 0.0934092        congG = 0
        |Delta E| = 0.000895325
current energy = -7.17763 Eh
iter = 2
        |g(k)| = 0.0180567         max|g(k)| = 0.0341099        congG = 0
     -> iteration rejected
current energy = -7.17763 Eh
iter = 2
        |g(k)| = 0.0180567         max|g(k)| = 0.0341099        congG = 0
        |Delta E| = 0.000103436
current energy = -7.17774 Eh
iter = 3
        |g(k)| = 0.00953113         max|g(k)| = 0.0127417        congG = 0
     -> iteration rejected
current energy = -7.17774 Eh
iter = 3
        |g(k)| = 0.00953113         max|g(k)| = 0.0127417        congG = 0
        |Delta E| = 5.42987e-05
current energy = -7.17779 Eh
iter = 4
        |g(k)| = 0.0143287         max|g(k)| = 0.0261381        congG = 0
        |Delta E| = 0.000111201
current energy = -7.1779 Eh
iter = 5
        |g(k)| = 0.00532303         max|g(k)| = 0.00980733        congG = 0
        |Delta E| = 1.99158e-05
current energy = -7.17792 Eh
iter = 6
        |g(k)| = 0.00214029         max|g(k)| = 0.00349548        congG = 0
        |Delta E| = 5.01781e-06
current energy = -7.17793 Eh
iter = 7
        |g(k)| = 0.000243623         max|g(k)| = 0.000364908        congG = 1
        |Delta E| = 8.5072e-08
current energy = -7.17793 Eh
Convergence in 7 iterations.
closed-shell calculation
occupation vector 
2 2 2 2 2 2 0 0 0 0 
iteration 1
Energy = -7.2491
orbital energies: -0.740378 -0.632607 -0.582979 -0.557345 -0.541836 -0.422526 -0.291715 0.0915258 0.229959 0.564389 
iteration 2
Energy = -7.2491
orbital energies: -0.740373 -0.6326 -0.58297 -0.557339 -0.541829 -0.422524 -0.2917 0.0915407 0.229976 0.564402 
iteration 3
Energy = -7.2491
orbital energies: -0.740374 -0.632601 -0.582972 -0.55734 -0.541831 -0.422525 -0.291703 0.0915369 0.229972 0.564399 
iteration 4
Energy = -7.2491
orbital energies: -0.740377 -0.632606 -0.582978 -0.557344 -0.541835 -0.422526 -0.291713 0.0915272 0.22996 0.564391 
iteration 5
Energy = -7.2491
orbital energies: -0.740376 -0.632605 -0.582976 -0.557343 -0.541834 -0.422526 -0.29171 0.0915302 0.229964 0.564393 
iteration 6
Energy = -7.2491
orbital energies: -0.740377 -0.632606 -0.582978 -0.557344 -0.541835 -0.422526 -0.291713 0.0915276 0.229961 0.564391 
convergence after 6 iterations
Optimized MOs
 0.33646874732592286  0.47007987108176469 -0.00000314610460002 -0.00000063601627940  0.13844135840718819  0.00000060014842741 -0.00000659042715986  1.03150997674805689  0.00005268676770669  0.63512721536863781 
-0.03285173795420136  0.02323674634598005  0.31384678499325269  0.41473624353650035  0.06178118897111898  0.18084366876584840  0.68186201718499373  0.06981513630223221  0.67801617684896376 -0.15704269657807404 
 0.02965580488531309 -0.02097217340574755  0.40520673154489351 -0.31936991943626492 -0.05577274294918580  0.23348649133304111 -0.52507133079101587 -0.06308952148874791  0.87537614034491729  0.14177066789073378 
 0.22879405512875925 -0.16180815822381270 -0.00745776569682689  0.10094115167395673 -0.43031752238525262 -0.00429816709492786  0.16596982893069262 -0.48637474180540435 -0.01613885320190478  1.09372300782685450 
 0.66237454966890075 -0.51139597894666688  0.00000291086382183  0.00000749588921560  0.35977224289470483 -0.00000016834635530 -0.00000081332053710 -0.01525545446840785  0.00000368117242847 -0.81747250785788739 
 0.02899821324718663  0.05877271137656951  0.34688661570404145  0.57215542104440242 -0.08343462568394870 -0.48975451426607863 -0.55639770206243599 -0.02678276482513348 -0.19156399079013120 -0.12943369991947060 
-0.02617655033082554 -0.05305139558072566  0.44786598010755480 -0.44059107717405810  0.07531367980227148 -0.63232015879060721  0.42845693552490643  0.02420017437010239 -0.24732679610378672  0.11683872816906483 
-0.20195585392026574 -0.40929785653052297 -0.00823776996306681  0.13927349620717949  0.58099018998490193  0.01163954773363238 -0.13542869693303661  0.18658042133079791  0.00455503927516050  0.90142419708690580 
 0.02499836643044361  0.20470208960235467 -0.22866021485295232  0.00000439196462789  0.26155325661477463 -0.39148497004483912  0.00000317338874988 -0.77222946050175811  0.82624809076839856  0.15290349070659845 
 0.02499899277231807  0.20470457399759054  0.22866017883140263  0.00000439187551023  0.26154858123380581  0.39148337573323033  0.00000317335280634 -0.77215350997646459 -0.82633302860791824  0.15289150097195672 
Optimized orbital energies: -0.74037736954825273 -0.63260586540361385 -0.58297817463292345 -0.55734388103153232 -0.54183514392126519 -0.42252584528285264 -0.29171281578085262 0.09152760056270005 0.22996067374851364 0.56439084028575381 
Optimized Density
 0.70670462570322878  0.01684294538829634 -0.01520506183579743 -0.11730898939061774  0.06455747428440531  0.05166461797594452 -0.04664192890404612 -0.35984300274141645  0.28169554701426613  0.28169507193825200 
 0.01684294538829634  0.61729297412820849  0.06407165358224481  0.00176871265582880 -0.02282436983147375  0.50570438098372295 -0.30447743126996024  0.18059884514927887 -0.24493117621579208  0.32531512721021633 
-0.01520506183579743  0.06407165358224481  0.65027096008373697 -0.00416907824327271  0.02060319393142332 -0.30447750063495016  0.34137499481992672 -0.14981760448758286 -0.40440351322548479  0.33184060904052592 
-0.11730898939061774  0.00176871265582880 -0.00416907824327271  0.54792995682531187  0.15895967236510675  0.18060034159070426 -0.14981943834809661 -0.43183798357539877 -0.27313106876247689 -0.28667939661734276 
 0.06455747428440531 -0.02282436983147375  0.02060319393142332  0.15895967236510675  1.65940391630815021 -0.08172106248923879  0.07377093729422358  0.56913604403730000  0.01194691662030631  0.01194423997711974 
 0.05166461797594452  0.50570438098372295 -0.30447750063495016  0.18060034159070426 -0.08172106248923879  1.39761619793241376  0.40558595371270861 -0.01451722012420981  0.20669616577108296 -0.24295064222798995 
-0.04664192890404612 -0.30447743126996024  0.34137499481992672 -0.14981943834809661  0.07377093729422358  0.40558595371270861  1.60741005872344012 -0.00331031619326549  0.30663441563383359 -0.27390342969971904 
-0.35984300274141645  0.18059884514927887 -0.14981760448758286 -0.43183798357539877  0.56913604403730000 -0.01451722012420981 -0.00331031619326549  1.13092189964603174  0.12090947449849881  0.13159394953464720 
 0.28169554701426613 -0.24493117621579208 -0.40440351322548479 -0.27313106876247689  0.01194691662030631  0.20669616577108296  0.30663441563383359  0.12090947449849881  0.63296789100890316 -0.18921614401546671 
 0.28169507193825200  0.32531512721021633  0.33184060904052592 -0.28667939661734276  0.01194423997711974 -0.24295064222798995 -0.27390342969971904  0.13159394953464720 -0.18921614401546671  0.63296256695713071 
Total Energy = -7.17792728879785802
Electronic Energy = -7.24910309960232979
Nuclear Repulsion = 0.07117581080447134
Self-Consistent Energy = -7.32027891433250932
Gsolv = -0.00289932712614113

>atom;charge;pol
6;0.1887184;8.0109937
8;-0.3132224;5.9992859
1;0.0622502;2.3053377
1;0.0622539;2.3053151
<atom;charge;pol
 Total Polarizability          18.6209323

